// Jest Snapshot v1, https://goo.gl/fbAQLP

exports[`BaseReminder Component not changed 1`] = `<div class="BaseReminder"></div>`;
