// Jest Snapshot v1, https://goo.gl/fbAQLP

exports[`BaseDatepicker Component not changed 1`] = `
<div class="BaseDatepicker">
  <!--v-if-->
  <datepicker-stub></datepicker-stub>
</div>
`;
